// Jest Snapshot v1, https://goo.gl/fbAQLP

exports[`ProductListPage renders correctly 1`] = `
Object {
  "asFragment": [Function],
  "baseElement": <body>
    <div>
      <div
        class="app-container"
      >
        <header
          class="header-container"
        >
          <div
            class="scene"
          >
            <div
              class="screen"
            />
            <div>
              0
            </div>
          </div>
        </header>
        <main
          class="main-content"
        >
          <div
            class="main-content__search"
          >
            <input
              class="main-content__search-box"
              placeholder="Search..."
              type="text"
            />
          </div>
          <div
            class="main-content__list"
          >
            <div
              class="card-container"
            >
              <img
                class="card-image"
                src="some_url_image"
              />
              <section
                class="card-info"
              >
                <p
                  class="card-info__model"
                >
                  iPhone 12
                </p>
                <p
                  class="card-info__brand"
                >
                  Apple
                </p>
                <p
                  class="card-info__price"
                >
                  1000
                   $
                </p>
              </section>
            </div>
          </div>
        </main>
        <footer
          class="product-footer"
        />
      </div>
    </div>
  </body>,
  "container": <div>
    <div
      class="app-container"
    >
      <header
        class="header-container"
      >
        <div
          class="scene"
        >
          <div
            class="screen"
          />
          <div>
            0
          </div>
        </div>
      </header>
      <main
        class="main-content"
      >
        <div
          class="main-content__search"
        >
          <input
            class="main-content__search-box"
            placeholder="Search..."
            type="text"
          />
        </div>
        <div
          class="main-content__list"
        >
          <div
            class="card-container"
          >
            <img
              class="card-image"
              src="some_url_image"
            />
            <section
              class="card-info"
            >
              <p
                class="card-info__model"
              >
                iPhone 12
              </p>
              <p
                class="card-info__brand"
              >
                Apple
              </p>
              <p
                class="card-info__price"
              >
                1000
                 $
              </p>
            </section>
          </div>
        </div>
      </main>
      <footer
        class="product-footer"
      />
    </div>
  </div>,
  "debug": [Function],
  "findAllByAltText": [Function],
  "findAllByDisplayValue": [Function],
  "findAllByLabelText": [Function],
  "findAllByPlaceholderText": [Function],
  "findAllByRole": [Function],
  "findAllByTestId": [Function],
  "findAllByText": [Function],
  "findAllByTitle": [Function],
  "findByAltText": [Function],
  "findByDisplayValue": [Function],
  "findByLabelText": [Function],
  "findByPlaceholderText": [Function],
  "findByRole": [Function],
  "findByTestId": [Function],
  "findByText": [Function],
  "findByTitle": [Function],
  "getAllByAltText": [Function],
  "getAllByDisplayValue": [Function],
  "getAllByLabelText": [Function],
  "getAllByPlaceholderText": [Function],
  "getAllByRole": [Function],
  "getAllByTestId": [Function],
  "getAllByText": [Function],
  "getAllByTitle": [Function],
  "getByAltText": [Function],
  "getByDisplayValue": [Function],
  "getByLabelText": [Function],
  "getByPlaceholderText": [Function],
  "getByRole": [Function],
  "getByTestId": [Function],
  "getByText": [Function],
  "getByTitle": [Function],
  "queryAllByAltText": [Function],
  "queryAllByDisplayValue": [Function],
  "queryAllByLabelText": [Function],
  "queryAllByPlaceholderText": [Function],
  "queryAllByRole": [Function],
  "queryAllByTestId": [Function],
  "queryAllByText": [Function],
  "queryAllByTitle": [Function],
  "queryByAltText": [Function],
  "queryByDisplayValue": [Function],
  "queryByLabelText": [Function],
  "queryByPlaceholderText": [Function],
  "queryByRole": [Function],
  "queryByTestId": [Function],
  "queryByText": [Function],
  "queryByTitle": [Function],
  "rerender": [Function],
  "unmount": [Function],
}
`;
